[2025-12-10 22:18:51,893]asyncio - DEBUG - Using selector: KqueueSelector
[2025-12-10 22:19:03,896]python_multipart.multipart - DEBUG - Calling on_field_start with no data
[2025-12-10 22:19:03,897]python_multipart.multipart - DEBUG - Calling on_field_name with data[0:6]
[2025-12-10 22:19:03,897]python_multipart.multipart - DEBUG - Calling on_field_data with data[7:8]
[2025-12-10 22:19:03,897]python_multipart.multipart - DEBUG - Calling on_field_end with no data
[2025-12-10 22:19:03,897]python_multipart.multipart - DEBUG - Calling on_field_start with no data
[2025-12-10 22:19:03,897]python_multipart.multipart - DEBUG - Calling on_field_name with data[9:12]
[2025-12-10 22:19:03,897]python_multipart.multipart - DEBUG - Calling on_field_data with data[13:15]
[2025-12-10 22:19:03,897]python_multipart.multipart - DEBUG - Calling on_field_end with no data
[2025-12-10 22:19:03,897]python_multipart.multipart - DEBUG - Calling on_field_start with no data
[2025-12-10 22:19:03,897]python_multipart.multipart - DEBUG - Calling on_field_name with data[16:31]
[2025-12-10 22:19:03,897]python_multipart.multipart - DEBUG - Calling on_field_data with data[32:33]
[2025-12-10 22:19:03,898]python_multipart.multipart - DEBUG - Calling on_field_end with no data
[2025-12-10 22:19:03,898]python_multipart.multipart - DEBUG - Calling on_field_start with no data
[2025-12-10 22:19:03,898]python_multipart.multipart - DEBUG - Calling on_field_name with data[34:45]
[2025-12-10 22:19:03,898]python_multipart.multipart - DEBUG - Calling on_field_data with data[46:49]
[2025-12-10 22:19:03,898]python_multipart.multipart - DEBUG - Calling on_field_end with no data
[2025-12-10 22:19:03,898]python_multipart.multipart - DEBUG - Calling on_field_start with no data
[2025-12-10 22:19:03,898]python_multipart.multipart - DEBUG - Calling on_field_name with data[50:68]
[2025-12-10 22:19:03,898]python_multipart.multipart - DEBUG - Calling on_field_data with data[69:70]
[2025-12-10 22:19:03,898]python_multipart.multipart - DEBUG - Calling on_field_end with no data
[2025-12-10 22:19:03,898]python_multipart.multipart - DEBUG - Calling on_field_start with no data
[2025-12-10 22:19:03,898]python_multipart.multipart - DEBUG - Calling on_field_name with data[71:85]
[2025-12-10 22:19:03,898]python_multipart.multipart - DEBUG - Calling on_field_data with data[86:89]
[2025-12-10 22:19:03,898]python_multipart.multipart - DEBUG - Calling on_field_end with no data
[2025-12-10 22:19:03,898]python_multipart.multipart - DEBUG - Calling on_field_start with no data
[2025-12-10 22:19:03,898]python_multipart.multipart - DEBUG - Calling on_field_name with data[90:110]
[2025-12-10 22:19:03,899]python_multipart.multipart - DEBUG - Calling on_field_data with data[111:114]
[2025-12-10 22:19:03,899]python_multipart.multipart - DEBUG - Calling on_field_end with no data
[2025-12-10 22:19:03,899]python_multipart.multipart - DEBUG - Calling on_field_start with no data
[2025-12-10 22:19:03,899]python_multipart.multipart - DEBUG - Calling on_field_name with data[115:122]
[2025-12-10 22:19:03,899]python_multipart.multipart - DEBUG - Calling on_field_data with data[123:126]
[2025-12-10 22:19:03,899]python_multipart.multipart - DEBUG - Calling on_field_end with no data
[2025-12-10 22:19:03,899]python_multipart.multipart - DEBUG - Calling on_field_start with no data
[2025-12-10 22:19:03,899]python_multipart.multipart - DEBUG - Calling on_field_name with data[127:148]
[2025-12-10 22:19:03,899]python_multipart.multipart - DEBUG - Calling on_field_data with data[149:150]
[2025-12-10 22:19:03,899]python_multipart.multipart - DEBUG - Calling on_field_end with no data
[2025-12-10 22:19:03,899]python_multipart.multipart - DEBUG - Calling on_field_start with no data
[2025-12-10 22:19:03,899]python_multipart.multipart - DEBUG - Calling on_field_name with data[151:173]
[2025-12-10 22:19:03,899]python_multipart.multipart - DEBUG - Calling on_field_data with data[174:175]
[2025-12-10 22:19:03,899]python_multipart.multipart - DEBUG - Calling on_field_end with no data
[2025-12-10 22:19:03,899]python_multipart.multipart - DEBUG - Calling on_field_start with no data
[2025-12-10 22:19:03,899]python_multipart.multipart - DEBUG - Calling on_field_name with data[176:194]
[2025-12-10 22:19:03,899]python_multipart.multipart - DEBUG - Calling on_field_data with data[195:196]
[2025-12-10 22:19:03,900]python_multipart.multipart - DEBUG - Calling on_field_end with no data
[2025-12-10 22:19:03,900]python_multipart.multipart - DEBUG - Calling on_end with no data
[2025-12-10 22:19:03,900]root - INFO - Created vehicle data dict
[2025-12-10 22:19:03,900]root - INFO - Exited get_vehicle_data_as_dixt method as VehicleData Class
[2025-12-10 22:19:03,902]root - INFO - Entered predict method of VehicleDataClassifier class
[2025-12-10 22:19:03,903]botocore.hooks - DEBUG - Changing event name from creating-client-class.iot-data to creating-client-class.iot-data-plane
[2025-12-10 22:19:03,904]botocore.hooks - DEBUG - Changing event name from before-call.apigateway to before-call.api-gateway
[2025-12-10 22:19:03,904]botocore.hooks - DEBUG - Changing event name from request-created.machinelearning.Predict to request-created.machine-learning.Predict
[2025-12-10 22:19:03,905]botocore.hooks - DEBUG - Changing event name from before-parameter-build.autoscaling.CreateLaunchConfiguration to before-parameter-build.auto-scaling.CreateLaunchConfiguration
[2025-12-10 22:19:03,905]botocore.hooks - DEBUG - Changing event name from before-parameter-build.route53 to before-parameter-build.route-53
[2025-12-10 22:19:03,905]botocore.hooks - DEBUG - Changing event name from request-created.cloudsearchdomain.Search to request-created.cloudsearch-domain.Search
[2025-12-10 22:19:03,905]botocore.hooks - DEBUG - Changing event name from docs.*.autoscaling.CreateLaunchConfiguration.complete-section to docs.*.auto-scaling.CreateLaunchConfiguration.complete-section
[2025-12-10 22:19:03,906]botocore.hooks - DEBUG - Changing event name from before-parameter-build.logs.CreateExportTask to before-parameter-build.cloudwatch-logs.CreateExportTask
[2025-12-10 22:19:03,906]botocore.hooks - DEBUG - Changing event name from docs.*.logs.CreateExportTask.complete-section to docs.*.cloudwatch-logs.CreateExportTask.complete-section
[2025-12-10 22:19:03,906]botocore.hooks - DEBUG - Changing event name from before-parameter-build.cloudsearchdomain.Search to before-parameter-build.cloudsearch-domain.Search
[2025-12-10 22:19:03,906]botocore.hooks - DEBUG - Changing event name from docs.*.cloudsearchdomain.Search.complete-section to docs.*.cloudsearch-domain.Search.complete-section
[2025-12-10 22:19:03,933]botocore.loaders - DEBUG - Loading JSON file: /Library/Frameworks/Python.framework/Versions/3.14/lib/python3.14/site-packages/boto3/data/s3/2006-03-01/resources-1.json
[2025-12-10 22:19:03,934]botocore.loaders - DEBUG - Loading JSON file: /Library/Frameworks/Python.framework/Versions/3.14/lib/python3.14/site-packages/botocore/data/endpoints.json
[2025-12-10 22:19:03,965]botocore.loaders - DEBUG - Loading JSON file: /Library/Frameworks/Python.framework/Versions/3.14/lib/python3.14/site-packages/botocore/data/sdk-default-configuration.json
[2025-12-10 22:19:03,965]botocore.hooks - DEBUG - Event choose-service-name: calling handler <function handle_service_name_alias at 0x107673ab0>
[2025-12-10 22:19:03,979]botocore.loaders - DEBUG - Loading JSON file: /Library/Frameworks/Python.framework/Versions/3.14/lib/python3.14/site-packages/botocore/data/s3/2006-03-01/service-2.json.gz
[2025-12-10 22:19:03,984]botocore.loaders - DEBUG - Loading JSON file: /Library/Frameworks/Python.framework/Versions/3.14/lib/python3.14/site-packages/botocore/data/s3/2006-03-01/service-2.sdk-extras.json
[2025-12-10 22:19:03,995]botocore.loaders - DEBUG - Loading JSON file: /Library/Frameworks/Python.framework/Versions/3.14/lib/python3.14/site-packages/botocore/data/s3/2006-03-01/endpoint-rule-set-1.json.gz
[2025-12-10 22:19:03,997]botocore.loaders - DEBUG - Loading JSON file: /Library/Frameworks/Python.framework/Versions/3.14/lib/python3.14/site-packages/botocore/data/partitions.json
[2025-12-10 22:19:03,998]botocore.hooks - DEBUG - Event creating-client-class.s3: calling handler <function add_generate_presigned_post at 0x1075e7320>
[2025-12-10 22:19:03,998]botocore.hooks - DEBUG - Event creating-client-class.s3: calling handler <function lazy_call.<locals>._handler at 0x111a752d0>
[2025-12-10 22:19:03,998]botocore.hooks - DEBUG - Event creating-client-class.s3: calling handler <function add_generate_presigned_url at 0x1075e7060>
[2025-12-10 22:19:03,999]botocore.configprovider - DEBUG - Looking for endpoint for s3 via: environment_service
[2025-12-10 22:19:03,999]botocore.configprovider - DEBUG - Looking for endpoint for s3 via: environment_global
[2025-12-10 22:19:03,999]botocore.configprovider - DEBUG - Looking for endpoint for s3 via: config_service
[2025-12-10 22:19:03,999]botocore.configprovider - DEBUG - Looking for endpoint for s3 via: config_global
[2025-12-10 22:19:03,999]botocore.configprovider - DEBUG - No configured endpoint found.
[2025-12-10 22:19:04,006]botocore.endpoint - DEBUG - Setting s3 timeout as (60, 60)
[2025-12-10 22:19:04,011]botocore.loaders - DEBUG - Loading JSON file: /Library/Frameworks/Python.framework/Versions/3.14/lib/python3.14/site-packages/botocore/data/_retry.json
[2025-12-10 22:19:04,011]botocore.client - DEBUG - Registering retry handlers for service: s3
[2025-12-10 22:19:04,011]botocore.utils - DEBUG - Registering S3 region redirector handler
[2025-12-10 22:19:04,011]botocore.utils - DEBUG - Registering S3Express Identity Resolver
[2025-12-10 22:19:04,012]boto3.resources.factory - DEBUG - Loading s3:s3
[2025-12-10 22:19:04,012]botocore.hooks - DEBUG - Event choose-service-name: calling handler <function handle_service_name_alias at 0x107673ab0>
[2025-12-10 22:19:04,013]botocore.hooks - DEBUG - Event creating-client-class.s3: calling handler <function add_generate_presigned_post at 0x1075e7320>
[2025-12-10 22:19:04,013]botocore.hooks - DEBUG - Event creating-client-class.s3: calling handler <function lazy_call.<locals>._handler at 0x111a752d0>
[2025-12-10 22:19:04,013]botocore.hooks - DEBUG - Event creating-client-class.s3: calling handler <function add_generate_presigned_url at 0x1075e7060>
[2025-12-10 22:19:04,013]botocore.configprovider - DEBUG - Looking for endpoint for s3 via: environment_service
[2025-12-10 22:19:04,013]botocore.configprovider - DEBUG - Looking for endpoint for s3 via: environment_global
[2025-12-10 22:19:04,013]botocore.configprovider - DEBUG - Looking for endpoint for s3 via: config_service
[2025-12-10 22:19:04,013]botocore.configprovider - DEBUG - Looking for endpoint for s3 via: config_global
[2025-12-10 22:19:04,013]botocore.configprovider - DEBUG - No configured endpoint found.
[2025-12-10 22:19:04,014]botocore.endpoint - DEBUG - Setting s3 timeout as (60, 60)
[2025-12-10 22:19:04,014]botocore.client - DEBUG - Registering retry handlers for service: s3
[2025-12-10 22:19:04,015]botocore.utils - DEBUG - Registering S3 region redirector handler
[2025-12-10 22:19:04,015]botocore.utils - DEBUG - Registering S3Express Identity Resolver
[2025-12-10 22:19:04,015]root - INFO - Entered the get_file_object method of SimpleStorageService class
[2025-12-10 22:19:04,015]root - INFO - Entered the get_bucket method of SimpleStorageService class
[2025-12-10 22:19:04,015]boto3.resources.factory - DEBUG - Loading s3:Bucket
[2025-12-10 22:19:04,015]boto3.resources.model - DEBUG - Renaming Bucket attribute name
[2025-12-10 22:19:04,015]botocore.hooks - DEBUG - Event creating-resource-class.s3.Bucket: calling handler <function lazy_call.<locals>._handler at 0x111a75bc0>
[2025-12-10 22:19:04,015]root - INFO - Exited the get_bucket method of SimpleStorageService class
[2025-12-10 22:19:04,025]botocore.loaders - DEBUG - Loading JSON file: /Library/Frameworks/Python.framework/Versions/3.14/lib/python3.14/site-packages/botocore/data/s3/2006-03-01/paginators-1.json
[2025-12-10 22:19:04,026]botocore.loaders - DEBUG - Loading JSON file: /Library/Frameworks/Python.framework/Versions/3.14/lib/python3.14/site-packages/botocore/data/s3/2006-03-01/paginators-1.sdk-extras.json
[2025-12-10 22:19:04,026]boto3.resources.collection - DEBUG - Calling paginated s3:list_objects with {'Bucket': 'my-model-proj7', 'Prefix': 'model.pkl'}
[2025-12-10 22:19:04,026]botocore.hooks - DEBUG - Event before-parameter-build.s3.ListObjects: calling handler <function set_list_objects_encoding_type_url at 0x10768f480>
[2025-12-10 22:19:04,026]botocore.hooks - DEBUG - Event before-parameter-build.s3.ListObjects: calling handler <function validate_bucket_name at 0x10768ddd0>
[2025-12-10 22:19:04,026]botocore.hooks - DEBUG - Event before-parameter-build.s3.ListObjects: calling handler <function remove_bucket_from_url_paths_from_model at 0x1076a0510>
[2025-12-10 22:19:04,026]botocore.hooks - DEBUG - Event before-parameter-build.s3.ListObjects: calling handler <bound method S3RegionRedirectorv2.annotate_request_context of <botocore.utils.S3RegionRedirectorv2 object at 0x11254cec0>>
[2025-12-10 22:19:04,026]botocore.hooks - DEBUG - Event before-parameter-build.s3.ListObjects: calling handler <bound method ClientCreator._inject_s3_input_parameters of <botocore.client.ClientCreator object at 0x111a012b0>>
[2025-12-10 22:19:04,026]botocore.hooks - DEBUG - Event before-parameter-build.s3.ListObjects: calling handler <function generate_idempotent_uuid at 0x10768dbc0>
[2025-12-10 22:19:04,026]botocore.hooks - DEBUG - Event before-parameter-build.s3.ListObjects: calling handler <function _handle_request_validation_mode_member at 0x1076a0ca0>
[2025-12-10 22:19:04,026]botocore.hooks - DEBUG - Event before-endpoint-resolution.s3: calling handler <function customize_endpoint_resolver_builtins at 0x1076a0720>
[2025-12-10 22:19:04,026]botocore.hooks - DEBUG - Event before-endpoint-resolution.s3: calling handler <bound method S3RegionRedirectorv2.redirect_from_cache of <botocore.utils.S3RegionRedirectorv2 object at 0x11254cec0>>
[2025-12-10 22:19:04,026]botocore.regions - DEBUG - Calling endpoint provider with parameters: {'Bucket': 'my-model-proj7', 'Region': 'us-east-1', 'UseFIPS': False, 'UseDualStack': False, 'ForcePathStyle': False, 'Accelerate': False, 'UseGlobalEndpoint': True, 'Prefix': 'model.pkl', 'DisableMultiRegionAccessPoints': False, 'UseArnRegion': True}
[2025-12-10 22:19:04,027]botocore.regions - DEBUG - Endpoint provider result: https://my-model-proj7.s3.amazonaws.com
[2025-12-10 22:19:04,027]botocore.regions - DEBUG - Selecting from endpoint provider's list of auth schemes: "sigv4". User selected auth scheme is: "None"
[2025-12-10 22:19:04,027]botocore.regions - DEBUG - Selected auth type "v4" as "v4" with signing context params: {'region': 'us-east-1', 'signing_name': 's3', 'disableDoubleEncoding': True}
[2025-12-10 22:19:04,027]botocore.hooks - DEBUG - Event before-call.s3.ListObjects: calling handler <function add_expect_header at 0x10768e1f0>
[2025-12-10 22:19:04,027]botocore.hooks - DEBUG - Event before-call.s3.ListObjects: calling handler <bound method S3ExpressIdentityResolver.apply_signing_cache_key of <botocore.utils.S3ExpressIdentityResolver object at 0x11254d010>>
[2025-12-10 22:19:04,027]botocore.hooks - DEBUG - Event before-call.s3.ListObjects: calling handler <function add_recursion_detection_header at 0x10768c880>
[2025-12-10 22:19:04,027]botocore.hooks - DEBUG - Event before-call.s3.ListObjects: calling handler <function inject_api_version_header_if_needed at 0x10768f950>
[2025-12-10 22:19:04,027]botocore.endpoint - DEBUG - Making request for OperationModel(name=ListObjects) with params: {'url_path': '', 'query_string': {'prefix': 'model.pkl', 'encoding-type': 'url'}, 'method': 'GET', 'headers': {'User-Agent': 'Boto3/1.42.5 md/Botocore#1.42.5 ua/2.1 os/macos#24.6.0 md/arch#arm64 lang/python#3.14.2 md/pyimpl#CPython m/D,e,C,Z,b cfg/retry-mode#legacy Botocore/1.42.5 Resource'}, 'body': b'', 'auth_path': '/my-model-proj7/', 'url': 'https://my-model-proj7.s3.amazonaws.com/?prefix=model.pkl&encoding-type=url', 'context': {'client_region': 'us-east-1', 'client_config': <botocore.config.Config object at 0x111a8bed0>, 'has_streaming_input': False, 'auth_type': 'v4', 'unsigned_payload': None, 'auth_options': ['aws.auth#sigv4'], 'encoding_type_auto_set': True, 's3_redirect': {'redirected': False, 'bucket': 'my-model-proj7', 'params': {'Bucket': 'my-model-proj7', 'Prefix': 'model.pkl', 'EncodingType': 'url'}}, 'input_params': {'Bucket': 'my-model-proj7', 'Prefix': 'model.pkl'}, 'signing': {'region': 'us-east-1', 'signing_name': 's3', 'disableDoubleEncoding': True}, 'endpoint_properties': {'authSchemes': [{'disableDoubleEncoding': True, 'name': 'sigv4', 'signingName': 's3', 'signingRegion': 'us-east-1'}]}}}
[2025-12-10 22:19:04,027]botocore.hooks - DEBUG - Event request-created.s3.ListObjects: calling handler <bound method RequestSigner.handler of <botocore.signers.RequestSigner object at 0x111afacf0>>
[2025-12-10 22:19:04,027]botocore.hooks - DEBUG - Event choose-signer.s3.ListObjects: calling handler <bound method ClientCreator._default_s3_presign_to_sigv2 of <botocore.client.ClientCreator object at 0x111a012b0>>
[2025-12-10 22:19:04,027]botocore.hooks - DEBUG - Event choose-signer.s3.ListObjects: calling handler <function set_operation_specific_signer at 0x10768d900>
[2025-12-10 22:19:04,027]botocore.hooks - DEBUG - Event before-sign.s3.ListObjects: calling handler <function remove_arn_from_signing_path at 0x1076a0670>
[2025-12-10 22:19:04,027]botocore.hooks - DEBUG - Event before-sign.s3.ListObjects: calling handler <function _set_extra_headers_for_unsigned_request at 0x1076a0d50>
[2025-12-10 22:19:04,027]botocore.hooks - DEBUG - Event before-sign.s3.ListObjects: calling handler <bound method S3ExpressIdentityResolver.resolve_s3express_identity of <botocore.utils.S3ExpressIdentityResolver object at 0x11254d010>>
[2025-12-10 22:19:04,028]botocore.auth - DEBUG - Calculating signature using v4 auth.
[2025-12-10 22:19:04,028]botocore.auth - DEBUG - CanonicalRequest:
GET
/
encoding-type=url&prefix=model.pkl
host:my-model-proj7.s3.amazonaws.com
x-amz-content-sha256:e3b0c44298fc1c149afbf4c8996fb92427ae41e4649b934ca495991b7852b855
x-amz-date:20251210T163404Z

host;x-amz-content-sha256;x-amz-date
e3b0c44298fc1c149afbf4c8996fb92427ae41e4649b934ca495991b7852b855
[2025-12-10 22:19:04,028]botocore.auth - DEBUG - StringToSign:
AWS4-HMAC-SHA256
20251210T163404Z
20251210/us-east-1/s3/aws4_request
714a6487652b3e494900c453ad5362614230e7a68f53eb2eab9b43540b9002f6
[2025-12-10 22:19:04,028]botocore.auth - DEBUG - Signature:
42f4d9364542b4ca6ab4a0cb1b59c7d217019b9ef3a6117fdf23e109f214ea74
[2025-12-10 22:19:04,028]botocore.hooks - DEBUG - Event request-created.s3.ListObjects: calling handler <bound method UserAgentString.rebuild_and_replace_user_agent_handler of <botocore.useragent.UserAgentString object at 0x112548e10>>
[2025-12-10 22:19:04,028]botocore.hooks - DEBUG - Event request-created.s3.ListObjects: calling handler <function add_retry_headers at 0x1076a0460>
[2025-12-10 22:19:04,028]botocore.endpoint - DEBUG - Sending http request: <AWSPreparedRequest stream_output=False, method=GET, url=https://my-model-proj7.s3.amazonaws.com/?prefix=model.pkl&encoding-type=url, headers={'User-Agent': b'Boto3/1.42.5 md/Botocore#1.42.5 ua/2.1 os/macos#24.6.0 md/arch#arm64 lang/python#3.14.2 md/pyimpl#CPython m/D,e,C,Z,b cfg/retry-mode#legacy Botocore/1.42.5 Resource', 'X-Amz-Date': b'20251210T163404Z', 'X-Amz-Content-SHA256': b'e3b0c44298fc1c149afbf4c8996fb92427ae41e4649b934ca495991b7852b855', 'Authorization': b'AWS4-HMAC-SHA256 Credential=AKIAVPEYWD356VQOQQXB/20251210/us-east-1/s3/aws4_request, SignedHeaders=host;x-amz-content-sha256;x-amz-date, Signature=42f4d9364542b4ca6ab4a0cb1b59c7d217019b9ef3a6117fdf23e109f214ea74', 'amz-sdk-invocation-id': b'3efdf213-47fe-4f7d-befa-4d2fa903de50', 'amz-sdk-request': b'attempt=1'}>
[2025-12-10 22:19:04,029]botocore.httpsession - DEBUG - Certificate path: /Library/Frameworks/Python.framework/Versions/3.14/lib/python3.14/site-packages/certifi/cacert.pem
[2025-12-10 22:19:04,029]urllib3.connectionpool - DEBUG - Starting new HTTPS connection (1): my-model-proj7.s3.amazonaws.com:443
[2025-12-10 22:19:06,575]urllib3.connectionpool - DEBUG - https://my-model-proj7.s3.amazonaws.com:443 "GET /?prefix=model.pkl&encoding-type=url HTTP/1.1" 200 None
[2025-12-10 22:19:06,576]botocore.hooks - DEBUG - Event before-parse.s3.ListObjects: calling handler <function _handle_200_error at 0x1076a0a90>
[2025-12-10 22:19:06,578]botocore.hooks - DEBUG - Event before-parse.s3.ListObjects: calling handler <function handle_expires_header at 0x1076a0880>
[2025-12-10 22:19:06,578]botocore.parsers - DEBUG - Response headers: {'x-amz-id-2': 'ioEY2eb82cc3u289sYy+cJoF2Z/55FghaMNBxMzqjfyKTnx9b8D+psFDmvQpblYfC3VMIKTcfZU=', 'x-amz-request-id': 'XNBZ7AT37VCPJ5TT', 'Date': 'Wed, 10 Dec 2025 16:34:06 GMT', 'x-amz-bucket-region': 'us-east-1', 'Content-Type': 'application/xml', 'Transfer-Encoding': 'chunked', 'Server': 'AmazonS3'}
[2025-12-10 22:19:06,578]botocore.parsers - DEBUG - Response body:
b'<?xml version="1.0" encoding="UTF-8"?>\n<ListBucketResult xmlns="http://s3.amazonaws.com/doc/2006-03-01/"><Name>my-model-proj7</Name><Prefix>model.pkl</Prefix><Marker></Marker><MaxKeys>1000</MaxKeys><EncodingType>url</EncodingType><IsTruncated>false</IsTruncated></ListBucketResult>'
[2025-12-10 22:19:06,579]botocore.hooks - DEBUG - Event needs-retry.s3.ListObjects: calling handler <function _update_status_code at 0x1076a0bf0>
[2025-12-10 22:19:06,580]botocore.hooks - DEBUG - Event needs-retry.s3.ListObjects: calling handler <botocore.retryhandler.RetryHandler object at 0x11254cd70>
[2025-12-10 22:19:06,580]botocore.retryhandler - DEBUG - No retry needed.
[2025-12-10 22:19:06,580]botocore.hooks - DEBUG - Event needs-retry.s3.ListObjects: calling handler <bound method S3RegionRedirectorv2.redirect_from_error of <botocore.utils.S3RegionRedirectorv2 object at 0x11254cec0>>
[2025-12-10 22:19:06,580]botocore.hooks - DEBUG - Event after-call.s3.ListObjects: calling handler <function decode_list_object at 0x10768f530>
[2025-12-10 22:19:06,580]boto3.resources.factory - DEBUG - Loading s3:ObjectSummary
[2025-12-10 22:19:06,581]boto3.resources.model - DEBUG - Renaming ObjectSummary attribute key
[2025-12-10 22:19:06,581]botocore.hooks - DEBUG - Event creating-resource-class.s3.ObjectSummary: calling handler <function lazy_call.<locals>._handler at 0x111a75d20>
[2025-12-10 22:19:06,582]root - ERROR - Error occured in python script: [/Users/spkunwar/Desktop/project1/MLOps_project1/src/cloud_storage/aws_storage.py] at a line number [111]: No file found in S3: model.pkl
[2025-12-10 22:19:06,582]root - ERROR - Error occured in python script: [/Users/spkunwar/Desktop/project1/MLOps_project1/src/cloud_storage/aws_storage.py] at a line number [137]: Error occured in python script: [/Users/spkunwar/Desktop/project1/MLOps_project1/src/cloud_storage/aws_storage.py] at a line number [111]: No file found in S3: model.pkl
[2025-12-10 22:19:06,582]root - ERROR - Error occured in python script: [/Users/spkunwar/Desktop/project1/MLOps_project1/src/entity/s3_estimator.py] at a line number [63]: Error occured in python script: [/Users/spkunwar/Desktop/project1/MLOps_project1/src/cloud_storage/aws_storage.py] at a line number [137]: Error occured in python script: [/Users/spkunwar/Desktop/project1/MLOps_project1/src/cloud_storage/aws_storage.py] at a line number [111]: No file found in S3: model.pkl
[2025-12-10 22:19:06,582]root - ERROR - Error occured in python script: [/Users/spkunwar/Desktop/project1/MLOps_project1/src/pipeline/prediction_pipeline.py] at a line number [96]: Error occured in python script: [/Users/spkunwar/Desktop/project1/MLOps_project1/src/entity/s3_estimator.py] at a line number [63]: Error occured in python script: [/Users/spkunwar/Desktop/project1/MLOps_project1/src/cloud_storage/aws_storage.py] at a line number [137]: Error occured in python script: [/Users/spkunwar/Desktop/project1/MLOps_project1/src/cloud_storage/aws_storage.py] at a line number [111]: No file found in S3: model.pkl
